// Jest Snapshot v1, https://goo.gl/fbAQLP

exports[`renders App component without errors 1`] = `
<div>
  <div
    class="App"
  >
    <h1>
      Todo App
    </h1>
    <div>
      <form>
        <input
          placeholder="Enter task"
          type="text"
          value=""
        />
        <button
          type="submit"
        >
          Add Todo
        </button>
      </form>
    </div>
  </div>
</div>
`;
