// Jest Snapshot v1, https://goo.gl/fbAQLP

exports[`renders TodoList component without errors 1`] = `
<div>
  <div>
    <form>
      <input
        placeholder="Enter task"
        type="text"
        value=""
      />
      <button
        type="submit"
      >
        Add Todo
      </button>
    </form>
  </div>
</div>
`;
